PS C:\Users\Sisko\Desktop\sisi\akcia_27_10_2022\js_27_10_2022\render\render_from_cordell22\render_cordell22_kungfuscience> git status
On branch master
Your branch is up to date with 'origin/master'.

nothing to commit, working tree clean
PS C:\Users\Sisko\Desktop\sisi\akcia_27_10_2022\js_27_1git config user.name_from_cordell22\render_cordell22_kungfuscience>
cordell22
PS C:\Users\Sisko\Desktop\sisi\akcia_27_10_2022\js_27_1git config --list --show-originll22\render_cordell22_kungfuscience>
file:C:/Program Files/Git/etc/gitconfig diff.astextplain.textconv=astextplain textplain                                                           an -- %f  
file:C:/Program Files/Git/etc/gitconfig filter.lfs.clean=git-lfs cleudge -- %fan -- %f                                                            ilter-process
file:C:/Program Files/Git/etc/gitconfig filter.lfs.process=git-lfs filter-process
file:C:/Program Files/Git/etc/gitconfig http.sslbackend=openssl
file:C:/Program Files/Git/etc/gitconfig http.sslcainfo=C:/Program Files/Git/mingw64/etc/ssl/certs/ca-bundle.crt
file:C:/Program Files/Git/etc/gitconfig core.autocrlf=true
file:C:/Program Files/Git/etc/gitconfig core.fscache=true
file:C:/Users/Sisko/.gitconfig  credential.helper=cache
file:.git/config        core.repositoryformatversion=0
file:.git/config        core.filemode=false
file:.git/config        core.bare=false                             .com.usehttppath=true
file:.git/config        core.logallrefupdates=true
file:.git/config        core.symlinks=false
file:.git/config        core.ignorecase=true
file:.git/config        remote.origin.url=https://github.com/cordell22/render_cordell22_kungfuscience.git
PS C:\Users\Sisko\Desktop\sisi\akcia_27_10_2022\js_27_10_2022\render\render_from_cordell22\render_cordell22_kungfuscience> git config --global user.name "cordell22"
PS C:\Users\Sisko\Desktop\sisi\akcia_27_10_2022\js_27_10_2022\render\render_from_cordell22\render_cordell22_kungfuscience> git config --global user.email "cordellfeneval@gmail.com"                        22/render_cordell22_kungfuscience.git
>>                                                                  \render_from_cordell22\render_cordell22_kungfuscience> git config --global user.name "cord
PS C:\Users\Sisko\Desktop\sisi\akcia_27_10_2022\js_27_10_2022\render\render_from_cordell22\render_cordell22_kungfuscience> git push -u o\render_from_cordell22\render_cordell22_kungfuscience> git config --global user.email "corrigin master
fatal: credential-cache unavailable; no unix socket support
Everything up-to-date                                               \render_from_cordell22\render_cordell22_kungfuscience> git push -u origin master
branch 'master' set up to track 'origin/master'.
PS C:\Users\Sisko\Desktop\sisi\akcia_27_10_2022\js_27_1git remote -verror: unknown switch `g'
usage: git remote [-v | --verbose]                                  \render_from_cordell22\render_cordell22_kungfuscience> 
   or: git remote add [-t <branch>] [-m <master>] [-f] [--tags | --no-tags] [--mirror=<fetch|push>] <name> <url>
   or: git remote rename [--[no-]progress] <old> <new>
anch>)
   or: git remote [-v | --verbose] show [-n] <name>
   or: git remote [-v | --verbose] update [-p | --prune] [(<group> | <remote>)...]
   or: git remote get-url [--push] [--all] <name>
   or: git remote set-url [--push] <name> <newurl> [<oldurl>]       
   or: git remote set-url --add <name> <newurl>
   or: git remote set-url --delete <name> <url>

    -v, --[no-]verbose    be verbose; must be placed before a subcommand

PS C:\Users\Sisko\Desktop\sisi\akcia_27_10_2022\js_27_10_2022\render\render_from_cordell22\render_cordell22_kungfuscience> git remote -v
origin  https://github.com/cordell22/render_cordell22_kungfuscience.git (fetch)
origin  https://github.com/cordell22/render_cordell22_kungfuscience.git (push)
PS C:\Users\Sisko\Desktop\sisi\akcia_27_10_2022\js_27_10_2022\render\render_from_cordell22\render_cordell22_kungfuscience> git checkout 
-b main
Switched to a new branch 'main'
\render_from_cordell22\render_cordell22_kungfuscience> git add .    
PS C:\Users\Sisko\Desktop\sisi\akcia_27_10_2022\js_27_10_2022\render\render_from_cordell22\render_cordell22_kungfuscience> git commit -m "Your commit message here"
On branch main
nothing to commit, working tree clean
PS C:\Users\Sisko\Desktop\sisi\akcia_27_10_2022\js_27_10_2022\render\render_from_cordell22\render_cordell22_kungfuscience> git push -u origin main
fatal: credential-cache unavailable; no unix socket support
To https://github.com/cordell22/render_cordell22_kungfuscience.git  
 ! [rejected]        main -> main (fetch first)
error: failed to push some refs to 'https://github.com/cordell22/render_cordell22_kungfuscience.git'
hint: Updates were rejected because the remote contains work that you do not
hint: have locally. This is usually caused by another repository pushing to
hint: the same ref. If you want to integrate the remote changes, usehint: 'git pull' before pushing again.
tails.
PS C:\Users\Sisko\Desktop\sisi\akcia_27_10_2022\js_27_10_2022\render\render_from_cordell22\render_cordell22_kungfuscience> git pull     
remote: Enumerating objects: 3, done.
remote: Counting objects: 100% (3/3), done.
remote: Compressing objects: 100% (2/2), done.
remote: Total 3 (delta 0), reused 0 (delta 0), pack-reused 0        
Unpacking objects: 100% (3/3), 1.44 KiB | 20.00 KiB/s, done.        
From https://github.com/cordell22/render_cordell22_kungfuscience    
 * [new branch]      main       -> origin/main
There is no tracking information for the current branch.
Please specify which branch you want to merge with.
See git-pull(1) for details.

    git pull <remote> <branch>
o with:

    git branch --set-upstream-to=origin/<branch> main
PS C:\Users\Sisko\Desktop\sisi\akcia_27_10_2022\js_27_10_2022\render\render_from_cordell22\render_cordell22_kungfuscience> git branch --set-upstream-to=origin/<branch> main
fatal: the requested upstream branch 'origin/<branch>' does not exist
hint: 
hint: branch that already exists at the remote, you may need to     
hint: run "git fetch" to retrieve it.
hint: If you are planning to push out a new local branch that       
hint: Disable this message with "git config advice.setUpstreamFailure false"
PS C:\Users\Sisko\Desktop\sisi\akcia_27_10_2022\js_27_10_2022\render\render_from_cordell22\render_cordell22_kungfuscience> git merge origin/main
fatal: refusing to merge unrelated histories
PS C:\Users\Sisko\Desktop\sisi\akcia_27_10_2022\js_27_10_2022\render\render_from_cordell22\render_cordell22_kungfuscience> git merge origin/main --allow-unrelated-histories
Merge made by the 'ort' strategy.
 LICENSE | 21 +++++++++++++++++++++
 1 file changed, 21 insertions(+)
 create mode 100644 LICENSE
PS C:\Users\Sisko\Desktop\sisi\akcia_27_10_2022\js_27_10_2022\render\render_from_cordell22\render_cordell22_kungfuscience> git branch --set-upstream-to=origin/main main
branch 'main' set up to track 'origin/main'.
PS C:\Users\Sisko\Desktop\sisi\akcia_27_10_2022\js_27_10_2022\render\render_from_cordell22\render_cordell22_kungfuscience> git fetch
PS C:\Users\Sisko\Desktop\sisi\akcia_27_10_2022\js_27_10_2022\render\render_from_cordell22\render_cordell22_kungfuscience> git merge origin/main
Already up to date.
PS C:\Users\Sisko\Desktop\sisi\akcia_27_10_2022\js_27_10_2022\render\render_from_cordell22\render_cordell22_kungfuscience> git push origin main
fatal: credential-cache unavailable; no unix socket support
Enumerating objects: 4, done.
Counting objects: 100% (4/4), done.
Delta compression using up to 2 threads
Compressing objects: 100% (2/2), done.
Writing objects: 100% (2/2), 306 bytes | 30.00 KiB/s, done.
Total 2 (delta 1), reused 0 (delta 0), pack-reused 0
remote: Resolving deltas: 100% (1/1), completed with 1 local object
To https://github.com/cordell22/render_cordell22_kungfuscience.git
   90d9016..52647b4  main -> main
PS C:\Users\Sisko\Desktop\sisi\akcia_27_10_2022\js_27_10_2022\render\render_from_cordell22\render_cordell22_kungfuscience